// Jest Snapshot v1, https://goo.gl/fbAQLP

exports[`on the draw page the Secret Santa is displayed when requested 1`] = `
<div
  class="alert alert-warning shadow-lg w-96 m-5 absolute bottom-3 z-10 transition-all duration-300 ease-in-out"
  role="alert"
>
  <div>
    <svg
      class="stroke-current flex-shrink-0 h-6 w-6"
      fill="none"
      viewBox="0 0 24 24"
      xmlns="http://www.w3.org/2000/svg"
    >
      <path
        d="M9 12l2 2 4-4m6 2a9 9 0 11-18 0 9 9 0 0118 0z"
        stroke-linecap="round"
        stroke-linejoin="round"
        stroke-width="2"
      />
    </svg>
    <span
      class="text-2xl w-full text-center"
    >
      Your secret santa is
       
      <span
        class="font-bold"
      >
        Joseph
      </span>
      !
    </span>
  </div>
</div>
`;
